lab0 2306010113-刘梓宸 REBUILT 跳过 未找到学生该实验的 labs/labN 目录
lab0 2406080104-方如轩 REBUILT 跳过 未找到学生该实验的 labs/labN 目录
lab0 2406080105-付敬博 REBUILT 跳过 未找到学生该实验的 labs/labN 目录
lab0 2406080106-高龙徽 REBUILT 成功 
lab0 2406080113-裴政杨 REBUILT 成功 
lab0 2406080114-王世佳 REBUILT 跳过 未找到学生该实验的 labs/labN 目录
lab0 2406080115-王宇航 REBUILT 跳过 未找到学生该实验的 labs/labN 目录
lab0 2406080122-岳海瑞 REBUILT 跳过 未找到学生该实验的 labs/labN 目录
lab0 2406080123-张雅慧 SKIPPED 跳过 未找到对应的已清洗学生目录
lab0 2406080124-周珈冰 REBUILT 成功 
lab0 2406080201-丁允韬 REBUILT 成功 
lab0 2406080203-刘天宇 REBUILT 跳过 未找到学生该实验的 labs/labN 目录
lab0 2406080204-吕睿晨 REBUILT 跳过 未找到学生该实验的 labs/labN 目录
lab0 2406080205-周卓江 REBUILT 成功 
lab0 2406080206-孙翊铭 REBUILT 成功 
lab0 2406080213-李冰瀚 REBUILT 成功 
lab1 2306010113-刘梓宸 REBUILT 跳过 未找到学生该实验的 labs/labN 目录
lab1 2406080104-方如轩 REBUILT 跳过 未找到学生该实验的 labs/labN 目录
lab1 2406080105-付敬博 REBUILT 跳过 未找到学生该实验的 labs/labN 目录
lab1 2406080106-高龙徽 REBUILT 成功 
lab1 2406080113-裴政杨 REBUILT 成功 
lab1 2406080114-王世佳 REBUILT 跳过 未找到学生该实验的 labs/labN 目录
lab1 2406080115-王宇航 REBUILT 跳过 未找到学生该实验的 labs/labN 目录
lab1 2406080122-岳海瑞 REBUILT 跳过 未找到学生该实验的 labs/labN 目录
lab1 2406080123-张雅慧 SKIPPED 跳过 未找到对应的已清洗学生目录
lab1 2406080124-周珈冰 REBUILT 成功 
lab1 2406080201-丁允韬 REBUILT 成功 
lab1 2406080203-刘天宇 REBUILT 跳过 未找到学生该实验的 labs/labN 目录
lab1 2406080204-吕睿晨 REBUILT 跳过 未找到学生该实验的 labs/labN 目录
lab1 2406080205-周卓江 REBUILT 成功 
lab1 2406080206-孙翊铭 REBUILT 成功 
lab1 2406080213-李冰瀚 REBUILT 成功 
lab2 2306010113-刘梓宸 REBUILT 跳过 未找到学生该实验的 labs/labN 目录
lab2 2406080104-方如轩 REBUILT 跳过 未找到学生该实验的 labs/labN 目录
lab2 2406080105-付敬博 REBUILT 跳过 未找到学生该实验的 labs/labN 目录
lab2 2406080106-高龙徽 REBUILT 成功 
lab2 2406080113-裴政杨 REBUILT 成功 
lab2 2406080114-王世佳 REBUILT 跳过 未找到学生该实验的 labs/labN 目录
lab2 2406080115-王宇航 REBUILT 跳过 未找到学生该实验的 labs/labN 目录
lab2 2406080122-岳海瑞 REBUILT 跳过 未找到学生该实验的 labs/labN 目录
lab2 2406080123-张雅慧 SKIPPED 跳过 未找到对应的已清洗学生目录
lab2 2406080124-周珈冰 REBUILT 成功 
lab2 2406080201-丁允韬 REBUILT 成功 
lab2 2406080203-刘天宇 REBUILT 跳过 未找到学生该实验的 labs/labN 目录
lab2 2406080204-吕睿晨 REBUILT 跳过 未找到学生该实验的 labs/labN 目录
lab2 2406080205-周卓江 REBUILT 成功 
lab2 2406080206-孙翊铭 REBUILT 成功 
lab2 2406080213-李冰瀚 REBUILT 成功 
lab3 2306010113-刘梓宸 REBUILT 跳过 未找到学生该实验的 labs/labN 目录
lab3 2406080104-方如轩 REBUILT 跳过 未找到学生该实验的 labs/labN 目录
lab3 2406080105-付敬博 REBUILT 跳过 未找到学生该实验的 labs/labN 目录
lab3 2406080106-高龙徽 REBUILT 成功 
lab3 2406080113-裴政杨 REBUILT 成功 
lab3 2406080114-王世佳 REBUILT 跳过 未找到学生该实验的 labs/labN 目录
lab3 2406080115-王宇航 REBUILT 跳过 未找到学生该实验的 labs/labN 目录
lab3 2406080122-岳海瑞 REBUILT 跳过 未找到学生该实验的 labs/labN 目录
lab3 2406080123-张雅慧 SKIPPED 跳过 未找到对应的已清洗学生目录
lab3 2406080124-周珈冰 REBUILT 成功 
lab3 2406080201-丁允韬 REBUILT 成功 
lab3 2406080203-刘天宇 REBUILT 跳过 未找到学生该实验的 labs/labN 目录
lab3 2406080204-吕睿晨 REBUILT 跳过 未找到学生该实验的 labs/labN 目录
lab3 2406080205-周卓江 REBUILT 成功 
lab3 2406080206-孙翊铭 REBUILT 成功 
lab3 2406080213-李冰瀚 REBUILT 成功 
lab4 2306010113-刘梓宸 REBUILT 跳过 未找到学生该实验的 labs/labN 目录
lab4 2406080104-方如轩 REBUILT 跳过 未找到学生该实验的 labs/labN 目录
lab4 2406080105-付敬博 REBUILT 跳过 未找到学生该实验的 labs/labN 目录
lab4 2406080106-高龙徽 REBUILT 成功 
lab4 2406080113-裴政杨 REBUILT 成功 
lab4 2406080114-王世佳 REBUILT 跳过 未找到学生该实验的 labs/labN 目录
lab4 2406080115-王宇航 REBUILT 跳过 未找到学生该实验的 labs/labN 目录
lab4 2406080122-岳海瑞 REBUILT 跳过 未找到学生该实验的 labs/labN 目录
lab4 2406080123-张雅慧 SKIPPED 跳过 未找到对应的已清洗学生目录
lab4 2406080124-周珈冰 REBUILT 成功 
lab4 2406080201-丁允韬 REBUILT 成功 
lab4 2406080203-刘天宇 REBUILT 跳过 未找到学生该实验的 labs/labN 目录
lab4 2406080204-吕睿晨 REBUILT 跳过 未找到学生该实验的 labs/labN 目录
lab4 2406080205-周卓江 REBUILT 成功 
lab4 2406080206-孙翊铭 REBUILT 成功 
lab4 2406080213-李冰瀚 REBUILT 成功 
lab5 2306010113-刘梓宸 REBUILT 跳过 未找到学生该实验的 labs/labN 目录
lab5 2406080104-方如轩 REBUILT 跳过 未找到学生该实验的 labs/labN 目录
lab5 2406080105-付敬博 REBUILT 跳过 未找到学生该实验的 labs/labN 目录
lab5 2406080106-高龙徽 REBUILT 成功 
lab5 2406080113-裴政杨 REBUILT 成功 
lab5 2406080114-王世佳 REBUILT 跳过 未找到学生该实验的 labs/labN 目录
lab5 2406080115-王宇航 REBUILT 跳过 未找到学生该实验的 labs/labN 目录
lab5 2406080122-岳海瑞 REBUILT 跳过 未找到学生该实验的 labs/labN 目录
lab5 2406080123-张雅慧 SKIPPED 跳过 未找到对应的已清洗学生目录
lab5 2406080124-周珈冰 REBUILT 成功 
lab5 2406080201-丁允韬 REBUILT 成功 
lab5 2406080203-刘天宇 REBUILT 跳过 未找到学生该实验的 labs/labN 目录
lab5 2406080204-吕睿晨 REBUILT 跳过 未找到学生该实验的 labs/labN 目录
lab5 2406080205-周卓江 REBUILT 成功 
lab5 2406080206-孙翊铭 REBUILT 成功 
lab5 2406080213-李冰瀚 REBUILT 成功 
lab6 2306010113-刘梓宸 REBUILT 跳过 未找到学生该实验的 labs/labN 目录
lab6 2406080104-方如轩 REBUILT 跳过 未找到学生该实验的 labs/labN 目录
lab6 2406080105-付敬博 REBUILT 跳过 未找到学生该实验的 labs/labN 目录
lab6 2406080106-高龙徽 REBUILT 成功 
lab6 2406080113-裴政杨 REBUILT 成功 
lab6 2406080114-王世佳 REBUILT 跳过 未找到学生该实验的 labs/labN 目录
lab6 2406080115-王宇航 REBUILT 跳过 未找到学生该实验的 labs/labN 目录
lab6 2406080122-岳海瑞 REBUILT 跳过 未找到学生该实验的 labs/labN 目录
lab6 2406080123-张雅慧 SKIPPED 跳过 未找到对应的已清洗学生目录
lab6 2406080124-周珈冰 REBUILT 成功 
lab6 2406080201-丁允韬 REBUILT 成功 
lab6 2406080203-刘天宇 REBUILT 跳过 未找到学生该实验的 labs/labN 目录
lab6 2406080204-吕睿晨 REBUILT 跳过 未找到学生该实验的 labs/labN 目录
lab6 2406080205-周卓江 REBUILT 成功 
lab6 2406080206-孙翊铭 REBUILT 成功 
lab6 2406080213-李冰瀚 REBUILT 成功 
lab7 2306010113-刘梓宸 REBUILT 跳过 未找到学生该实验的 labs/labN 目录
lab7 2406080104-方如轩 REBUILT 跳过 未找到学生该实验的 labs/labN 目录
lab7 2406080105-付敬博 REBUILT 跳过 未找到学生该实验的 labs/labN 目录
lab7 2406080106-高龙徽 REBUILT 成功 
lab7 2406080113-裴政杨 REBUILT 成功 
lab7 2406080114-王世佳 REBUILT 跳过 未找到学生该实验的 labs/labN 目录
lab7 2406080115-王宇航 REBUILT 跳过 未找到学生该实验的 labs/labN 目录
lab7 2406080122-岳海瑞 REBUILT 跳过 未找到学生该实验的 labs/labN 目录
lab7 2406080123-张雅慧 SKIPPED 跳过 未找到对应的已清洗学生目录
lab7 2406080124-周珈冰 REBUILT 成功 
lab7 2406080201-丁允韬 REBUILT 成功 
lab7 2406080203-刘天宇 REBUILT 跳过 未找到学生该实验的 labs/labN 目录
lab7 2406080204-吕睿晨 REBUILT 跳过 未找到学生该实验的 labs/labN 目录
lab7 2406080205-周卓江 REBUILT 成功 
lab7 2406080206-孙翊铭 REBUILT 成功 
lab7 2406080213-李冰瀚 REBUILT 成功 
lab8 2306010113-刘梓宸 REBUILT 跳过 未找到学生该实验的 labs/labN 目录
lab8 2406080104-方如轩 REBUILT 跳过 未找到学生该实验的 labs/labN 目录
lab8 2406080105-付敬博 REBUILT 跳过 未找到学生该实验的 labs/labN 目录
lab8 2406080106-高龙徽 REBUILT 成功 
lab8 2406080113-裴政杨 REBUILT 成功 
lab8 2406080114-王世佳 REBUILT 跳过 未找到学生该实验的 labs/labN 目录
lab8 2406080115-王宇航 REBUILT 跳过 未找到学生该实验的 labs/labN 目录
lab8 2406080122-岳海瑞 REBUILT 跳过 未找到学生该实验的 labs/labN 目录
lab8 2406080123-张雅慧 SKIPPED 跳过 未找到对应的已清洗学生目录
lab8 2406080124-周珈冰 REBUILT 成功 
lab8 2406080201-丁允韬 REBUILT 成功 
lab8 2406080203-刘天宇 REBUILT 跳过 未找到学生该实验的 labs/labN 目录
lab8 2406080204-吕睿晨 REBUILT 跳过 未找到学生该实验的 labs/labN 目录
lab8 2406080205-周卓江 REBUILT 成功 
lab8 2406080206-孙翊铭 REBUILT 成功 
lab8 2406080213-李冰瀚 REBUILT 成功 
