[学生 1/12] 114（123456）
  [时间线成功] 0 个事件，0 个有绝对时间，0 个仅有相对时间，0 个时间缺失，0 个录像处理失败，0 个异常或不确定性提示
[学生 2/12] zhaoxia（20101200）
  [时间线成功] 44 个事件，44 个有绝对时间，0 个仅有相对时间，0 个时间缺失，0 个录像处理失败，1 个异常或不确定性提示
  [时间线提示] 日志第 36 行时间倒退；未据此校正录像时钟
[学生 3/12] 张三（20260001）
  [时间线成功] 4 个事件，4 个有绝对时间，0 个仅有相对时间，0 个时间缺失，0 个录像处理失败，0 个异常或不确定性提示
[学生 4/12] 刘梓宸（2306010113）
  [时间线成功] 0 个事件，0 个有绝对时间，0 个仅有相对时间，0 个时间缺失，0 个录像处理失败，0 个异常或不确定性提示
[学生 5/12] 何俊林（2306030105）
  [时间线成功] 5 个事件，5 个有绝对时间，0 个仅有相对时间，0 个时间缺失，0 个录像处理失败，1 个异常或不确定性提示
  [时间线提示] 日志第 8 行时间倒退；未据此校正录像时钟
[学生 6/12] daiwei（2406080102）
  [时间线成功] 76 个事件，76 个有绝对时间，0 个仅有相对时间，0 个时间缺失，0 个录像处理失败，1 个异常或不确定性提示
  [时间线提示] 日志第 36 行时间倒退；未据此校正录像时钟
[学生 7/12] 方如轩（2406080104）
  [时间线成功] 0 个事件，0 个有绝对时间，0 个仅有相对时间，0 个时间缺失，0 个录像处理失败，0 个异常或不确定性提示
[学生 8/12] 高龙徽（2406080106）
  [时间线成功] 8 个事件，8 个有绝对时间，0 个仅有相对时间，0 个时间缺失，0 个录像处理失败，1 个异常或不确定性提示
  [时间线提示] 日志第 8 行时间倒退；未据此校正录像时钟
[学生 9/12] lizhaozhuo（2406080111）
  [时间线成功] 47 个事件，47 个有绝对时间，0 个仅有相对时间，0 个时间缺失，0 个录像处理失败，1 个异常或不确定性提示
  [时间线提示] 日志第 36 行时间倒退；未据此校正录像时钟
[学生 10/12] yanghanqing（2406080118）
  [时间线成功] 95 个事件，95 个有绝对时间，0 个仅有相对时间，0 个时间缺失，0 个录像处理失败，7 个异常或不确定性提示
  [时间线提示] 日志第 36 行时间倒退；未据此校正录像时钟
  [时间线提示] 日志第 388 行有 NUL 前缀，保留尾部 JSON
  [时间线提示] 日志第 408 行有 NUL 前缀，保留尾部 JSON
  [时间线提示] 20260909T112124-3580: header_session_start_difference_seconds=1.0
  [时间线提示] 20260909T113602-3086: header_session_start_difference_seconds=1.0
  [时间线提示] 20260909T113625-3366: header_session_start_difference_seconds=1.0
  [时间线提示] 20260911T085435-4493: header_session_start_difference_seconds=1.0
[学生 11/12] 周卓江（2406080205）
  [时间线成功] 53 个事件，42 个有绝对时间，11 个仅有相对时间，0 个时间缺失，0 个录像处理失败，5 个异常或不确定性提示
  [时间线提示] 日志第 8 行时间倒退；未据此校正录像时钟
  [时间线提示] 20260910T151451-6453: header_session_start_difference_seconds=1.0
  [时间线提示] 20260910T155636-14821: conflicting_session_start_records
  [时间线提示] 20260910T155636-14821: global_order_uncertain
  [时间线提示] 20260910T222042-3937: header_session_start_difference_seconds=1.0
[学生 12/12] 法规和个（565786786）
  [时间线成功] 0 个事件，0 个有绝对时间，0 个仅有相对时间，0 个时间缺失，0 个录像处理失败，0 个异常或不确定性提示
时间线汇总：12 个学生，332 个事件。
