lab0 2306010113-刘梓宸 跳过 未找到学生该实验的 labs/labN 目录
lab0 2406080102-戴炜 成功 
lab0 2406080104-方如轩 跳过 未找到学生该实验的 labs/labN 目录
lab0 2406080106-高龙徽 成功 
lab0 2406080111-李兆卓 成功 
lab0 2406080118-杨涵清 跳过 未找到学生该实验的 labs/labN 目录
lab0 2406080205-周卓江 成功 
lab1 2306010113-刘梓宸 跳过 未找到学生该实验的 labs/labN 目录
lab1 2406080102-戴炜 成功 
lab1 2406080104-方如轩 跳过 未找到学生该实验的 labs/labN 目录
lab1 2406080106-高龙徽 成功 
lab1 2406080111-李兆卓 成功 
lab1 2406080118-杨涵清 成功 
lab1 2406080205-周卓江 成功 
lab2 2306010113-刘梓宸 跳过 未找到学生该实验的 labs/labN 目录
lab2 2406080102-戴炜 成功 
lab2 2406080104-方如轩 跳过 未找到学生该实验的 labs/labN 目录
lab2 2406080106-高龙徽 成功 
lab2 2406080111-李兆卓 成功 
lab2 2406080118-杨涵清 成功 
lab2 2406080205-周卓江 成功 
lab3 2306010113-刘梓宸 跳过 未找到学生该实验的 labs/labN 目录
lab3 2406080102-戴炜 成功 
lab3 2406080104-方如轩 跳过 未找到学生该实验的 labs/labN 目录
lab3 2406080106-高龙徽 成功 
lab3 2406080111-李兆卓 成功 
lab3 2406080118-杨涵清 成功 
lab3 2406080205-周卓江 成功 
lab4 2306010113-刘梓宸 跳过 未找到学生该实验的 labs/labN 目录
lab4 2406080102-戴炜 成功 
lab4 2406080104-方如轩 跳过 未找到学生该实验的 labs/labN 目录
lab4 2406080106-高龙徽 成功 
lab4 2406080111-李兆卓 成功 
lab4 2406080118-杨涵清 成功 
lab4 2406080205-周卓江 成功 
lab5 2306010113-刘梓宸 跳过 未找到学生该实验的 labs/labN 目录
lab5 2406080102-戴炜 成功 
lab5 2406080104-方如轩 跳过 未找到学生该实验的 labs/labN 目录
lab5 2406080106-高龙徽 成功 
lab5 2406080111-李兆卓 成功 
lab5 2406080118-杨涵清 成功 
lab5 2406080205-周卓江 成功 
lab6 2306010113-刘梓宸 跳过 未找到学生该实验的 labs/labN 目录
lab6 2406080102-戴炜 成功 
lab6 2406080104-方如轩 跳过 未找到学生该实验的 labs/labN 目录
lab6 2406080106-高龙徽 成功 
lab6 2406080111-李兆卓 成功 
lab6 2406080118-杨涵清 成功 
lab6 2406080205-周卓江 成功 
lab7 2306010113-刘梓宸 跳过 未找到学生该实验的 labs/labN 目录
lab7 2406080102-戴炜 成功 
lab7 2406080104-方如轩 跳过 未找到学生该实验的 labs/labN 目录
lab7 2406080106-高龙徽 成功 
lab7 2406080111-李兆卓 成功 
lab7 2406080118-杨涵清 成功 
lab7 2406080205-周卓江 成功 
lab8 2306010113-刘梓宸 跳过 未找到学生该实验的 labs/labN 目录
lab8 2406080102-戴炜 成功 
lab8 2406080104-方如轩 跳过 未找到学生该实验的 labs/labN 目录
lab8 2406080106-高龙徽 成功 
lab8 2406080111-李兆卓 成功 
lab8 2406080118-杨涵清 成功 
lab8 2406080205-周卓江 成功 
